[armoniayarte.wixsite.com/tipi.html]
[static.parastorage.com/unpkg/core-js-bundle@3.2.1/minified.js]
[static.parastorage.com/unpkg/focus-within-polyfill@5.0.9/dist/focus-within-polyfill.js]
[armoniayarte.wixsite.com/c.3.delayed]
[armoniayarte.wixsite.com/t.4.delayed]
[backblue.gif]
[fade.gif]
[index.html]
[static.wixstatic.com/media/eb1c8f_4eabccb64e8442bf9f0e0142662096e9_mv2.jpg/v1/fill/w_146,h_146,al_c,q_80/eb1c8f_4eabccb64e8442bf9f0e0142662096e9_mv28782.jpg]
[armoniayarte.wixsite.com/index.html]
[static.wixstatic.com/media/eb1c8f_ce99e13e201e4454a2e83befb218066e_mv2.png/v1/fill/w_43,h_91,al_c,q_85,usm_0.66_1.00_0.01,enc_avif,quality_auto/eb1c8f_ce99e13e201e4454a2e83befb218066e_mv2.png]
[armoniayarte.wixsite.com/tipi/copia-de-inicio-1.html]
[browser.sentry-cdn.com/7.120.3/bundle.tracing.es5.min.js]
[browser.sentry-cdn.com/7.120.3/modulemetadata.es5.min.js]
[armoniayarte.wixsite.com/envelope/index.html]
[armoniayarte.wixsite.com/sitemap.a.delayed]
[armoniayarte.wixsite.com/api/index.html]
[armoniayarte.wixsite.com/feed.b.delayed]
[static.parastorage.com/services/wix-thunderbolt/dist/thunderbolt-commons.3c80e85c.bundle.min.js]
[static.parastorage.com/services/wix-thunderbolt/dist/main.2370aa5e.bundle.min.js]
[static.parastorage.com/services/wix-thunderbolt/dist/main.renderer.f600e767.bundle.min.js]
[static.parastorage.com/unpkg/lodash@4.17.21/lodash.min.js]
[static.parastorage.com/unpkg/react@18.3.1/umd/react.production.min.js]
[static.parastorage.com/unpkg/react-dom@18.3.1/umd/react-dom.production.min.js]
[static.parastorage.com/services/wix-thunderbolt/dist/browser-deprecation.bundle.es5.js]
[armoniayarte.wixsite.com/decodeURIComponent(e.13.delayed]
[static.parastorage.com/services/tag-manager-client/1.920.0/siteTags.bundle.min.js]
[armoniayarte.wixsite.com/tipi.html]
[armoniayarte.wixsite.com/c.html]
[armoniayarte.wixsite.com/t.html]
[armoniayarte.wixsite.com/index.html]
[armoniayarte.wixsite.com/tipi/c.15.delayed]
[armoniayarte.wixsite.com/tipi/t.16.delayed]
[static.parastorage.com/services/form-app/1.1977.0/client-viewer/1693.chunk.min.js]
[static.parastorage.com/services/form-app/1.1977.0/client-viewer/form-app-header.chunk.min.js]
[static.parastorage.com/services/form-app/1.1977.0/client-viewer/form-app-wix-ricos-viewer.chunk.min.js]
[static.parastorage.com/services/form-app/1.1977.0/client-viewer/form-app-text-area.chunk.min.js]
[armoniayarte.wixsite.com/tipi/robots.1b.delayed]
[armoniayarte.wixsite.com/tipi/sitemap.1c.delayed]
[armoniayarte.wixsite.com/tipi/feed.1d.delayed]
[static.parastorage.com/services/form-app/1.1977.0/FormViewerWidgetNoCss.bundle.min.js]
[armoniayarte.wixsite.com/tipi/decodeURIComponent(e.1f.delayed]
[armoniayarte.wixsite.com/tipi/copia-de-inicio-1.html]
[armoniayarte.wixsite.com/api/index.html]
[armoniayarte.wixsite.com/envelope/index.html]
[armoniayarte.wixsite.com/sitemap.html]
[armoniayarte.wixsite.com/feed.html]
[armoniayarte.wixsite.com/decodeURIComponent(e.html]
[armoniayarte.wixsite.com/tipi/c.html]
[armoniayarte.wixsite.com/tipi/t.html]
[armoniayarte.wixsite.com/tipi/robots.html]
[armoniayarte.wixsite.com/tipi/sitemap.html]
[armoniayarte.wixsite.com/tipi/feed.html]
[armoniayarte.wixsite.com/tipi/decodeURIComponent(e.html]
